should change type:
  1: |
    apiVersion: v1
    kind: Secret
    metadata:
      labels:
        app.kubernetes.io/instance: RELEASE-NAME
        app.kubernetes.io/managed-by: Helm
        app.kubernetes.io/name: common-test
        app.kubernetes.io/version: 0.1.0
        helm.sh/chart: common-test-0.1.0
      name: RELEASE-NAME-common-test-credentials
      namespace: NAMESPACE
    type: Opaque
should pass:
  1: |
    apiVersion: v1
    kind: Secret
    metadata:
      labels:
        app.kubernetes.io/instance: RELEASE-NAME
        app.kubernetes.io/managed-by: Helm
        app.kubernetes.io/name: common-test
        app.kubernetes.io/version: 0.1.0
        helm.sh/chart: common-test-0.1.0
      name: RELEASE-NAME-common-test-config
      namespace: NAMESPACE
    stringData:
      PORT: "80"
    type: Opaque
  2: |
    apiVersion: v1
    kind: Service
    metadata:
      labels:
        app.kubernetes.io/instance: RELEASE-NAME
        app.kubernetes.io/managed-by: Helm
        app.kubernetes.io/name: common-test
        app.kubernetes.io/version: 0.1.0
        helm.sh/chart: common-test-0.1.0
      name: RELEASE-NAME-common-test
      namespace: NAMESPACE
    spec:
      ports:
        - name: common-test
          port: 80
          protocol: TCP
          targetPort: 80
      selector:
        app.kubernetes.io/instance: RELEASE-NAME
        app.kubernetes.io/name: common-test
